1781682007797:help
1781682025730:bs
1781682053362:quit
1781794616921:help
1781794688372:gs
1781794724146:ag 123
1781794729033:gs
1781794794998:ab dfdfd 2 4
1781794803215:bs
1781794836645:b 4
1781795431182:help
1781795470785:ab help
1781795733702:help
1781795757147:ab dfdfd 1 2
1782298131543:bks
1782298135390:bs
1782298148601:help
1782298162227:ab dfdfd 1 2
1782298165591:bs
1782400962222:help
1782400967315:gs
1782400976614:quit
1782401032124:bs
1782401119305:quit
1782401132023:bs
1782743842247:hepl
1782743846757:help
1782743851912:bs
1782743889575:comments 1
1782744055303:help
1782744071748:ac 1 gfhfhf
1782744089988:comments 1
1783492300773:help
1783492325390:comments 1
1783492331921:bs
1783492343362:gs
1783492350986:aauths
1783492370836:auths
1783492846600:bs
1783493903569:quit
1783493943170:bs
1783493962252:quit
1783494054146:bs
1783494119958:quit
1783494133462:bs
1783494419664:quit
1783494972492:bs
1783494987279:help
1783495003495:ac 1 djgjjf;e
1783495018090:b 1
1783495056859:quit
1783495797336:bs
1783495806299:quit
1783497511560:bs
1783497531042:quit
1783497543874:bs
1783497550624:help
1783497557141:b 1
1783497843128:quit
1783503096106:bs
1783503160886:comments
1783503169943:comments 1
1783503294524:ac 1 jkdfj;g
1783503304674:comments 1
1783503307682:bs
